// Jest Snapshot v1, https://goo.gl/fbAQLP

exports[`snapshot 1`] = `
Object {
  "custom": "Modified test!",
  "date": "2022-02-08T17:34:18.844Z",
  "lastmod": "2022-02-09T12:34:56.789Z",
  "newProperty": "added",
  "slug": "yaml-test",
  "tags": Array [
    "before",
    "Hello",
    "world!",
    "after",
  ],
  "title": "YAML Test",
}
`;
